Archive member included because of file (symbol)

c:/djgpp/lib/libdbg.a(syms.o)
                              obj1/glb_rtns.o (_syms_init)
c:/djgpp/lib/libdbg.a(dbgcom.o)
                              c:/djgpp/lib/libdbg.a(syms.o) (_a_tss)
c:/djgpp/lib/libdbg.a(wild.o)
                              c:/djgpp/lib/libdbg.a(syms.o) (_wild)
c:/djgpp/lib/libdbg.a(id_dbg.o)
                              c:/djgpp/lib/libdbg.a(dbgcom.o) (___libdbg_ident_string)
c:/djgpp/bin/../lib/gcc/djgpp/4.21/libgcc.a(unwind-dw2-fde.o)
                              c:/djgpp/lib/crt0.o (___register_frame_info)
c:/djgpp/bin/../lib/gcc/djgpp/4.21/libgcc.a(_udivdi3.o)
                              obj1/omain.o (___udivdi3)
c:/djgpp/bin/../lib/gcc/djgpp/4.21/libgcc.a(_umoddi3.o)
                              obj1/omain.o (___umoddi3)
c:/djgpp/lib/libc.a(npxsetup.o)
                              c:/djgpp/lib/crt0.o (___emu387_load_hook)
c:/djgpp/lib/libc.a(id_c.o)   c:/djgpp/lib/crt0.o (___libc_ident_string)
c:/djgpp/lib/libc.a(crt1.o)   c:/djgpp/lib/crt0.o (___crt1_startup)
c:/djgpp/lib/libc.a(exceptn.o)
                              c:/djgpp/lib/libdbg.a(dbgcom.o) (___djgpp_our_DS)
c:/djgpp/lib/libc.a(infostrc.o)
                              c:/djgpp/lib/crt0.o (__go32_info_block)
c:/djgpp/lib/libc.a(putchar.o)
                              obj1/omain.o (_putchar)
c:/djgpp/lib/libc.a(fopen.o)  obj1/omain.o (_fopen)
c:/djgpp/lib/libc.a(fgets.o)  obj1/omain.o (_fgets)
c:/djgpp/lib/libc.a(sscanf.o)
                              obj1/omain.o (_sscanf)
c:/djgpp/lib/libc.a(fclose.o)
                              obj1/omain.o (_fclose)
c:/djgpp/lib/libc.a(strtok.o)
                              obj1/omain.o (_strtok)
c:/djgpp/lib/libc.a(atoi.o)   obj1/omain.o (_atoi)
c:/djgpp/lib/libc.a(conio.o)  obj1/oprtn.o (_textmode)
c:/djgpp/lib/libc.a(putc.o)   obj1/omain.o (_putc)
c:/djgpp/lib/libc.a(fprintf.o)
                              obj1/omain.o (_fprintf)
c:/djgpp/lib/libc.a(fgetpos.o)
                              obj1/omain.o (_fgetpos)
c:/djgpp/lib/libc.a(fseek.o)  obj1/omain.o (_fseek)
c:/djgpp/lib/libc.a(fsetpos.o)
                              obj1/omain.o (_fsetpos)
c:/djgpp/lib/libc.a(fwrite.o)
                              obj1/omain.o (_fwrite)
c:/djgpp/lib/libc.a(ct_flags.o)
                              obj1/omain.o (___dj_ctype_flags)
c:/djgpp/lib/libc.a(strtoll.o)
                              obj1/omain.o (_strtoll)
c:/djgpp/lib/libc.a(strtol.o)
                              obj1/omain.o (_strtol)
c:/djgpp/lib/libc.a(malloc.o)
                              obj1/omain.o (_malloc)
c:/djgpp/lib/libc.a(getc.o)   obj1/omain.o (_getc)
c:/djgpp/lib/libc.a(stdout.o)
                              obj1/omain.o (___dj_stdout)
c:/djgpp/lib/libc.a(freopen.o)
                              obj1/omain.o (_freopen)
c:/djgpp/lib/libc.a(fscanf.o)
                              obj1/omain.o (_fscanf)
c:/djgpp/lib/libc.a(ftell.o)  obj1/omain.o (_ftell)
c:/djgpp/lib/libc.a(strncpy.o)
                              obj1/omain.o (_strncpy)
c:/djgpp/lib/libc.a(exit.o)   obj1/omain.o (_exit)
c:/djgpp/lib/libc.a(sprintf.o)
                              obj1/omain.o (_sprintf)
c:/djgpp/lib/libc.a(strcat.o)
                              obj1/omain.o (_strcat)
c:/djgpp/lib/libc.a(fputc.o)  obj1/omain.o (_fputc)
c:/djgpp/lib/libc.a(srchpath.o)
                              obj1/oprtn.o (_searchpath)
c:/djgpp/lib/libc.a(spawnl.o)
                              obj1/oprtn.o (_spawnl)
c:/djgpp/lib/libc.a(strchr.o)
                              obj1/oprtn.o (_strchr)
c:/djgpp/lib/libc.a(setdate.o)
                              obj1/oprmenu.o (_setdate)
c:/djgpp/lib/libc.a(settime.o)
                              obj1/oprmenu.o (_settime)
c:/djgpp/lib/libc.a(d0300_z.o)
                              obj1/oprmenu.o (___dpmi_int)
c:/djgpp/lib/libc.a(gopvec.o)
                              obj1/oprmenu.o (__go32_dpmi_get_protected_mode_interrupt_vector)
c:/djgpp/lib/libc.a(int86.o)  obj1/oprmenu.o (_int86)
c:/djgpp/lib/libc.a(gopint.o)
                              obj1/oprmenu.o (__go32_dpmi_lock_data)
c:/djgpp/lib/libc.a(ct_lower.o)
                              obj1/oprmenu.o (___dj_ctype_tolower)
c:/djgpp/lib/libc.a(fread.o)  obj1/pdul.o (_fread)
c:/djgpp/lib/libc.a(strcmp.o)
                              obj1/pdul.o (_strcmp)
c:/djgpp/lib/libc.a(fputs.o)  obj1/pdul.o (_fputs)
c:/djgpp/lib/libc.a(stub0010.o)
                              obj1/db.o (_mkdir)
c:/djgpp/lib/libc.a(strlen.o)
                              obj1/db.o (_strlen)
c:/djgpp/lib/libc.a(ldiv.o)   obj1/db.o (_ldiv)
c:/djgpp/lib/libc.a(stub0018.o)
                              obj1/db.o (_filelength)
c:/djgpp/lib/libc.a(stub0009.o)
                              obj1/db.o (_lseek)
c:/djgpp/lib/libc.a(d_write.o)
                              obj1/db.o (__dos_write)
c:/djgpp/lib/libc.a(d_read.o)
                              obj1/db.o (__dos_read)
c:/djgpp/lib/libc.a(d_close.o)
[...]
Memory Configuration

Name             Origin             Length             Attributes
*default*        0x00000000         0xffffffff

Linker script and memory map

LOAD c:/djgpp/lib/crt0.o
LOAD obj1/omain.o
LOAD obj1/oprtn.o
LOAD obj1/oprmenu.o
LOAD obj1/pdul.o
LOAD obj1/db.o
LOAD obj1/onet.o
LOAD obj1/wf.o
LOAD obj1/params.o
LOAD obj1/cpf.o
LOAD obj1/depm.o
LOAD obj1/deprtn.o
LOAD obj1/ep.o
LOAD obj1/filevar1.o
LOAD obj1/filevar2.o
LOAD obj1/filevar3.o
LOAD obj1/filevar5.o
LOAD obj1/dep_parm.o
LOAD obj1/mnul_tst.o
LOAD obj1/gcc_func.o
LOAD obj1/dpi_file.o
LOAD obj1/btch_ep.o
LOAD obj1/lincurse.o
LOAD obj1/lapb.o
LOAD obj1/sml.o
LOAD obj1/smllyr1.o
LOAD obj1/glb_rtns.o
LOAD obj1/lintcp.o
LOAD obj1/malloc.o
LOAD obj1/arp.o
LOAD obj1/ip.o
LOAD obj1/iprx.o
LOAD obj1/iptx.o
LOAD obj1/tcp1.o
LOAD obj1/tcp2.o
LOAD obj1/tcprx.o
LOAD obj1/tcptx.o
LOAD obj1/pktdrvr.o
LOAD obj1/misc.o
LOAD obj1/udp.o
LOAD c:/djgpp/lib/libdbg.a
LOAD c:/djgpp/bin/../lib/gcc/djgpp/4.21/libgcc.a
LOAD c:/djgpp/lib/libc.a
LOAD c:/djgpp/bin/../lib/gcc/djgpp/4.21/libgcc.a

.text           0x000018d0    0x69f30
 *(.text)
 .text          0x000018d0      0x510 c:/djgpp/lib/crt0.o
                0x000018d0                start
                0x00001ad0                ___exit
                0x00001bb0                ___sbrk
                0x00001bc8                ___brk
                0x00001dd6                __crt0_init_mcount
 .text          0x00001de0    0x10d80 obj1/omain.o
                0x00001de0                _tocpq
                0x00001e80                _ffiqr
                0x00001ed0                _riqr
                0x00001f20                _ffrxqr
                0x00001f70                _rrxqr
                0x00001fc0                _fromlcdq
                0x00001ff0                _h2c
                0x00002010                _trscn
                0x000020f0                _ptiq
                0x00002160                _ptxq
                0x000021c0                _torq
                0x000022b0                _ptrq
                0x00002310                _fcp
                0x000027c0                _hex2bcd
                0x00002990                _cprti
                0x000038c0                _oam
                0x000038d0                _ohsa
                0x000038e0                _alarm_reset
                0x000038f0                _find_subscriber_no
                0x00003990                _init_array
                0x00003a60                _init_mess
                0x00003ac0                _set_stm_for_up_down_load
                0x00003ad0                _set_stm_for_display
                0x00003ae0                _set_stm_for_dep
                0x00003af0                _set_stm_for_term
                0x00003b00                _unmask_stm
                0x00003b10                _init_terminal
                0x00003ba0                _f_intr
                0x00003bb0                _set_f_intr
                0x00003bd0                _reset_f_intr
                0x00003bf0                _timeman
                0x00003d60                _rlstrnk
                0x00003db0                _turn_off_park_led
                0x00003e40                _rtp
                0x00003ec0                _rlstimer
                0x00003f60                _getimer
                0x00004000                _turn_on_park_led
                0x00004010                _leds
                0x000041c0                _activate_bell
                0x00004200                _init_subscriber_groups_data
                0x000043b0                _fcloseall
                0x000043e0                _update_time
                0x00004430                _send_time_date_to_sys
                0x000044f0                _send_fdn
                0x00004650                _execute
                0x000048c0                _hex2scrn
                0x00004950                _str2scrn
                0x000049a0                _restore_terminal
                0x00004a40                _print_char
                0x00004b20                _print_char_to_log_file
                0x00004b60                _tolcdq
                0x00004c30                _fromrq
                0x00004d40                _fromxq
                0x00004ea0                _fromiq
                0x00004fd0                _date_to_log
                0x00005090                _tomaq
                0x00005160                _lcds
                0x000053f0                _flush_lcdq
                0x00005420                _frommaq
                0x000054b0                _fromcpq
                0x00005540                _validate_parameters
                0x000055a0                _read_site_parameters
                0x000057d0                _rfrq
                0x000059b0                _rfxq
                0x00005bd0                _rfiq
                0x00005db0                _rtc
                0x00005e10                _toxq
                0x00005fc0                _toiq
                0x000060e0                _errorcp
                0x00006100                _rtpns
                0x000062a0                _setimer
                0x00006470                _kt_send
                0x00006540                _kbs_t
                0x00006840                _kbs_m
                0x00006980                _scheduler
                0x00006f70                _rtp_oprside
                0x00006ff0                _stoptimer
                0x000071e0                _cp
                0x00007520                _ddt_ad_always
                0x00007b10                _terminal
                0x00008b20                _message_to_term_q
                0x00008c90                _my_alarm
                0x00008da0                _ocni
                0x00008f40                _opoh
                0x00009000                _hex2lcd
                0x000090c0                _long2lcd
                0x000093a0                _int2lcd
                0x00009720                _str2lcd
                0x00009790                _show_ext_digits
                0x00009880                _save_ic_pri_digits
                0x00009cb0                _initialize
                0x0000a760                _kt_all_initialize
                0x0000b4b0                _save_og_pri_digits
                0x0000c0d0                _omap
                0x0000ecf0                _kt_forever_loop
                0x0000edc0                _main
                0x0000ee00                _ddt_ad
                0x0000f8b0                _reset_calls_report_status
                0x000108a0                _sys_func
 .text          0x00012b60     0xe1d0 obj1/oprtn.o
                0x00012b60                _rtn0
                0x00012b70                _fcogroup
                0x00012ba0                _fd
                0x00012c60                _rtn96
                0x00012c80                _rtn152
                0x00012d50                _rtn149
                0x00012e30                _rtn109
                0x00012e90                _rtn108
                0x00012ef0                _rtn106
                0x00013030                _rtn81
                0x00013190                _rtn56
                0x00013240                _rtn55
                0x000132d0                _rtn49
                0x00013360                _rtn44
                0x000133f0                _rtn5
                0x00013490                _rtn154
                0x00013600                _rtn153
                0x000136f0                _rtn151
                0x00013930                _rtn131
                0x00013a60                _rtn127
                0x00013b90                _rtn101
                0x00013cd0                _rtn88
                0x00013e00                _rtn79
                0x00013f20                _rtn76
                0x00014030                _rtn74
                0x000140e0                _rtn73
                0x000141a0                _rtn150
                0x000142e0                _rtn114
                0x00014370                _rtn105b
                0x000143e0                _rtn105d
                0x00014450                _rtn105c
                0x000144c0                _rtn105a
                0x00014530                _rtn105f
                0x00014670                _rtn105e
                0x000147b0                _rtn105
                0x00014930                _rtn102
                0x00014a20                _rtn148f
                0x00014ab0                _rtn128
                0x00014b90                _rtn99
                0x00014c70                _rtn78
                0x00014dd0                _rtn75
                0x00015020                _rtn67
                0x000150d0                _rtn63
                0x00015230                _rtn57
                0x00015330                _rtn13
                0x00015570                _rtn87
                0x000156a0                _rtn31
                0x00015890                _rtn113
                0x00015950                _rtn138
                0x000159e0                _rtn137
                0x00015b40                _rtn92
                0x00015cd0                _rtn50
                0x00015e50                _rtn48
                0x00016010                _rtn45
                0x00016200                _rtn16
                0x00016390                _rtn135
                0x00016470                _rtn94
                0x00016670                _rtn65
                0x000167f0                _rtn43
                0x00016970                _rtn30
                0x00016b60                _rtn25
                0x00016cf0                _rtn12
                0x00016e90                _rtn129
                0x00016f30                _rtn77
                0x00016fd0                _rtn68
                0x00017050                _rtn19
                0x000170d0                _rtn124
                0x00017140                _rtn89
                0x00017290                _rtn112
                0x00017350                _rtn111a
                0x000174a0                _rtn111
                0x000175f0                _rtn64
                0x000176a0                _rtn58
                0x00017770                _rtn51
                0x00017880                _rtn40
                0x00017910                _rtn36
                0x000179d0                _rtn29
                0x00017b20                _rtn11
                0x00017bd0                _rtn10
                0x00017da0                _rtn110
                0x00018120                _rtn15
                0x00018330                _rtn107
                0x000184d0                _rtn47
                0x00018670                _rtn17a
                0x00018810                _rtn103
                0x000188d0                _rtn98
                0x00018b30                _rtn95
                0x00018db0                _rtn59
                0x00018f00                _rtn52
                0x00019010                _rtn42
                0x000190d0                _rtn24
                0x00019250                _rtn100
                0x00019310                _rtn91
                0x00019520                _rtn85
                0x000195e0                _rtn54
                0x00019700                _rtn53
                0x00019860                _rtn90
                0x00019aa0                _rtn41
                0x00019e30                _rtn80
                0x00019f40                _rtn61
                0x0001a110                _rtn60
                0x0001a220                _rtn72
                0x0001a460                _rtn71
                0x0001a570                _rtn70
                0x0001a650                _rtn69
                0x0001a7a0                _rtn66
                0x0001aa80                _rtn38
                0x0001ac80                _rtn33
                0x0001aef0                _rtn27
                0x0001b230                _rtn23
                0x0001b390                _rtn20a
                0x0001b560                _rtn18
                0x0001b810                _rtn62
                0x0001bb20                _rtn46
                0x0001bc70                _rtn26
                0x0001bd80                _rtn39
                0x0001be50                _rtn37
                0x0001bfa0                _rtn14
                0x0001c200                _rtn34b
                0x0001c360                _rtn34
                0x0001c4b0                _rtn35
                0x0001c600                _rtn8
                0x0001c7a0                _rtn32
                0x0001ceb0                _rtn28
                0x0001d180                _rtn22
                0x0001d470                _rtn21
                0x0001d770                _rtn20
                0x0001da40                _rtn20b
                0x0001dd20                _rtn2
                0x0001de00                _rtn17
                0x0001e0f0                _rtn17b
                0x0001e3e0                _rtn17c
                0x0001e470                _rtn1
                0x0001e520                _rtn6
                0x0001e5c0                _rtn7
                0x0001e680                _rtn104
                0x0001e7c0                _rtn130_1
                0x0001e8e0                _rtn130_2
                0x0001e9f0                _rtn130_3
                0x0001eb20                _rtn148
                0x0001ebb0                _rtn41b
                0x0001eee0                _rtn147
                0x0001f210                _rtn146
                0x0001f5d0                _rtn126
                0x0001f800                _rtn125
                0x0001fbe0                _rtn86
                0x00020030                _rtn84
                0x00020500                _rtn83
                0x00020800                _rtn82
 .text          0x00020d30     0x19f0 obj1/oprmenu.o
                0x00020d30                _lcdsts
                0x00020d40                _vpoke
                0x00020d60                _vpeek
                0x00020d80                _cntr_set
                0x00020db0                _set_led_attr
                0x00020de0                _kt_setdate
                0x00020df0                _kt_settime
                0x00020e00                _correct_given_time
                0x00020ee0                _get_and_check_dt
                0x00020f40                _intrrset
                0x00020f60                _get_c
                0x00020fd0                _scroll_lock
                0x00021000                _vmode
                0x00021030                _set_cursor_type
                0x00021070                _curr_cursor
                0x000210c0                _cursor
                0x00021110                _get_mouse_status
                0x00021150                _remove_mouse_ptr
                0x00021170                _display_mouse_ptr
                0x00021190                _reset_mouse
                0x000211b0                _poke_s
                0x00021200                _displscrn
                0x00021240                _opr_update
                0x000214d0                _chng_layo
                0x000215e0                _save_screen
                0x00021660                _pc_timer_init
                0x00021690                _get_dt
                0x000216f0                _init_intr
                0x00021790                _init_led_attr
                0x000217d0                _restore_screen
                0x00021860                _init_file
                0x00021aa0                _led_reset
                0x00021bd0                _toal
                0x00021c70                _led_set
                0x00021db0                _b2led
                0x00021f20                _fkp
                0x00021f70                _key_fkp
                0x00021ff0                _clear_large_screen
                0x00022070                _clear_screen
                0x000220f0                _putlcd
                0x00022230                _lcdcmd
                0x000222c0                _correct_time
                0x000223c0                _quit
                0x000225b0                _init_lcd
                0x000225f0                _init_layo
 .text          0x00022720      0x700 obj1/pdul.o
                0x00022720                _cfcs
                0x00022840                _vfcs
                0x00022950                _vpf
                0x00022a80                _cpf
                0x00022b90                _gcp
                0x00022c10                _unp
                0x00022d40                _csp
 .text          0x00022e20     0x3c30 obj1/db.o
                0x00022e20                _ffdbr
                0x00022e80                _rdbr
                0x00022ed0                _toadbq
                0x00022f20                _fromadbq
                0x00022f80                _cdbfn
                0x00022f90                _mxxdbr
                0x000230f0                _copy_digits_no_prev_nibble
                0x00023170                _copy_digits_add_prev_nibble
                0x00023280                _calculate_checksum
                0x000232e0                _toprnq
                0x00023320                _frompq
                0x00023360                _rpb
                0x00023370                _wpc
                0x00023380                _init_prntr
                0x000233b0                _wlb2p
                0x000233d0                _wb2p
                0x00023420                _cmpf
                0x00023550                _handle_malicious_info
                0x000236b0                _find_real_mlced
                0x000239e0                _prepare_billing_info_for_display
                0x000248f0                _store_subscriber_directory_number
                0x00024c30                _wmpr
                0x00024dd0                _wmpr_sip
                0x00024ee0                _wmpr_isup
                0x00025010                _ud
                0x00025050                _adjust_billing_time
                0x000250b0                _display_billing
                0x00025130                _calculate_local_pulse
                0x000254a0                _adjust_local_pulse
                0x00025520                _kt_filelength
                0x00025530                _wr_date_record
                0x000255a0                _wr_installation_name_record
                0x000256e0                _winr
                0x000256f0                _kt_file_write
                0x00025720                _kt_file_read
                0x00025750                _kt_file_close
                0x00025770                _kt_file_creat
                0x000257a0                _kt_file_open
                0x000257d0                _prndrv
                0x000258d0                _ws2p
                0x00025940                _mxtdbr
                0x00025ec0                _rdb
                0x00025f60                _cdbrf
                0x00026180                _write_billing_record_to_file
                0x00026260                _dbrc
                0x000263d0                _mdr
                0x000264c0                _write_date_record
                0x00026630                _wdr
                0x000266c0                _create_new_dbrf_file
                0x000269b0                _create_new_dbrf_file_with_sys_time
 .text          0x00026a50      0xc60 obj1/onet.o
                0x00026a50                _fec_pc
                0x00026a70                _trxq
                0x00026b20                _to_nettx_que
                0x00026bc0                _mtmaq
                0x00026c20                _mtcpq
                0x00026cc0                _soon
                0x00026d90                _from_netrx_que
                0x00026f70                _oam_opr_rcv_hndlr
                0x00026f90                _pcpmftx
                0x00027060                _pmamftx_both_sys
                0x00027130                _pmamftx
                0x00027200                _pmamftx_to_direct_link
                0x000272d0                _pcpmftx_both_sys
                0x000273a0                _smaf
 .text          0x000276b0     0xa140 obj1/wf.o
                0x000276b0                _swb
                0x000276e0                _swt
                0x00027710                _rw
                0x00027720                _waddr
                0x000277c0                _add_list
                0x000277f0                _beg_list
                0x00027820                _remove_list
                0x00027890                _insert_list
                0x000278c0                _vw
                0x00027910                _add_field
                0x00027940                _endstroke
                0x000279b0                _spaces
                0x000279e0                _read_field_init
                0x00027a20                _dimension
                0x00027a90                _idew
                0x00027ad0                _sbg
                0x00027b20                _get_char
                0x00027b90                _fvm
                0x00027bc0                _sct
                0x00027c00                _rcp
                0x00027c50                _pc
                0x00027ca0                _enw
                0x00027e00                _swucf
                0x00027e30                _swi
                0x00027e90                _enf
                0x00027f40                _wvi
                0x00027fc0                _insert_status
                0x00028010                _swc
                0x000280f0                _dget
                0x000281d0                _displ
                0x00028320                _cs
                0x000283a0                _wcursor
                0x00028440                _cw
                0x000285f0                _acline
                0x00028850                _vswap
                0x00028ad0                _scroll
                0x000292c0                _wputchar
                0x000295c0                _ddf
                0x00029610                _wprintf
                0x00029680                _light
                0x00029790                _haccent
                0x00029830                _gethmenu
                0x00029900                _wprompt
                0x000299f0                _send_alarm_to_screen
                0x00029b50                _show_alarm
                0x00029d20                _show_alarm_without_date
                0x00029e80                _ddvf
                0x00029f70                _dafw
                0x0002a060                _caf
                0x0002a180                _data_entry_init
                0x0002a280                _dtitle
                0x0002a6a0                _wframe
                0x0002b040                _draw_window
                0x0002b200                _deaccent
                0x0002b4a0                _accent
                0x0002b740                _hw
                0x0002b9f0                _dw
                0x0002bb70                _get_selection
                0x0002c1a0                _deletw
                0x0002c520                _clear_message
                0x0002c550                _caw
                0x0002c580                _repos_wnd
                0x0002cf40                _open_menu
                0x0002d4a0                _alarm_bg
                0x0002dff0                _non_error_message
                0x0002e360                _ktbg
                0x0002ebd0                _bill_bg
                0x0002f730                _error_message
                0x0002fa30                _read_field_hndlr
                0x00030040                _read_field
                0x00030090                _data_entry_hndlr
                0x00030360                _data_entry
                0x00030760                _old_read_field
                0x00030d90                _old_data_entry
                0x000311e0                _getvmn
                0x000316a0                _menu_select
 .text          0x000317f0       0x20 obj1/params.o
                0x000317f0                _fill_params
 .text          0x00031810      0x1f0 obj1/cpf.o
                0x00031820                _make_param_files
 .text          0x00031a00     0x4460 obj1/depm.o
                0x00031a00                _cnvrtbbf
                0x00031a10                _dep_find_subscriber_no
                0x00031ad0                _dep_fcp
                0x00031bb0                _init_mac_nite_arr
                0x00031be0                _cpw_part2
                0x00031c70                _cpw_init_display
                0x00031da0                _dep_quit
                0x00031f80                _init_malicious_pointer_array
                0x00032010                _init_alarm_pointer_array
                0x000320a0                _file_viewer
                0x000324c0                _file_view_init
                0x000326b0                _dctp_init_display
                0x000328f0                _dxp_init_display
                0x00032a60                _cqw
                0x00032cb0                _deph
                0x00032ea0                _dpw
                0x00032fe0                _v_office_code
                0x00033180                _din
                0x000332d0                _vmcf
                0x000333a0                _vdbf
                0x000334c0                _cpfoq
                0x00033790                _dmmrc
                0x00033980                _eeph
                0x00033a00                _open_param_files
                0x00033b20                _dep_hndlr_init
                0x00033c10                _backup_pfna
                0x00033cf0                _dep_init
                0x00034040                _cpw
                0x000340f0                _dxp_part1
                0x000349f0                _dxp_init
                0x00034a20                _dxp
                0x00034c00                _ddhl
                0x00034f40                _dctp_part1
                0x00035230                _dctp_init
                0x00035260                _dctp
                0x00035420                _donx
                0x000356a0                _init_alarm_file_data
                0x000357a0                _init_malicious_file_data
                0x000358d0                _dep_main
 .text          0x00035e60      0xcd0 obj1/deprtn.o
                0x00035e60                _send_office_code_ocl_pckt
                0x00035ec0                _send_edhl_hlel_pckt
                0x00035ff0                _send_eonx_nel_pckt
                0x00036100                _send_co_ddbv_pckt
                0x00036160                _send_co_ai_pckt
                0x00036310                _send_ext_hliv_pckt
                0x00036380                _send_ext_astv_pckt
                0x00036490                _send_ext_cstv_pckt
                0x00036950                _send_ext_ctgv_pckt
 .text          0x00036b30     0x41f0 obj1/ep.o
                0x00036b40                _ask_ext_no_part2
                0x00036d00                _ask_ext_no_init_display
                0x00036e10                _eonx_part2
                0x00037200                _ectp_init_display
                0x000377d0                _exp_init_display
                0x00037c10                _e_office_code_init_display
                0x00038000                _eonx_init_display
                0x00038420                _edhl_part2
                0x00038770                _edhl_init_display
                0x00038d30                _e_office_code_part2
                0x00038ea0                _ectp_part2
                0x00039100                _ectp_part1
                0x00039330                _exp_part1
                0x00039780                _exp_part2
                0x00039e00                _demrc
                0x00039f80                _ep_1st_menu_init
                0x00039fa0                _ep_1st_menu
                0x0003a150                _kt_exp
                0x0003a280                _eonx
                0x0003a300                _edhl
                0x0003a390                _e_office_code
                0x0003a3f0                _ectp
                0x0003a530                _ask_ext_no
                0x0003a770                _ep
 .text          0x0003ad20        0x0 obj1/filevar1.o
 .text          0x0003ad20        0x0 obj1/filevar2.o
 .text          0x0003ad20        0x0 obj1/filevar3.o
 .text          0x0003ad20        0x0 obj1/filevar5.o
 .text          0x0003ad20       0x90 obj1/dep_parm.o
                0x0003ad20                _dep_fill_params
 .text          0x0003adb0     0x3f90 obj1/mnul_tst.o
                0x0003ae10                _r1_test_part2
                0x0003af00                _swch_test_part2
                0x0003aff0                _dtmf_test_part2
                0x0003b1e0                _r1_test_init_display
                0x0003b410                _swch_test_init_display
                0x0003b590                _dtmf_test_init_display
                0x0003b7b0                _ext_state_init_display
                0x0003b940                _ext_test_init_display
                0x0003ba80                _exit_manual_test_with_2_menu
                0x0003bac0                _exit_manual_test_with_1_menu
                0x0003bb90                _swch_menu_init_display
                0x0003bc90                _dtmf_menu_init_display
                0x0003be10                _display_test_menu
                0x0003bf80                _ext_test_part2
                0x0003c0d0                _ext_state_part2
                0x0003c2b0                _swch_test
                0x0003c3a0                _swch_menu
                0x0003c480                _dtmf_test
                0x0003c560                _dtmf_menu
                0x0003c620                _test_1st_menu
                0x0003c710                _r1_test
                0x0003ce70                _ext_state
                0x0003e8c0                _ext_test
                0x0003e9a0                _test_menu
 .text          0x0003ed40      0x190 obj1/gcc_func.o
                0x0003ed40                _max
                0x0003ed50                _min
                0x0003ed60                _poke
                0x0003ed80                _peek
                0x0003eda0                _kt_system
                0x0003edb0                _print_error_report
                0x0003edd0                _kt_itoa
                0x0003ede0                _my_putw
                0x0003ee00                _my_getw
                0x0003ee30                _movmem
                0x0003ee50                _kt_print_char
                0x0003ee90                _kt_read_char
                0x0003eec0                _ltoa
 .text          0x0003eed0       0xa0 obj1/dpi_file.o
                0x0003eed0                _init_dpi
 .text          0x0003ef70     0x18a0 obj1/btch_ep.o
                0x0003ef70                _send_batch_ma_pckt
                0x0003f2b0                _batch_exp_init_display
                0x0003f800                _batch_demrc
                0x0003f920                _batch_ep_1st_menu
                0x0003f9d0                _batch_ep_1st_menu_init
                0x0003fa10                _batch_exp_part2
                0x000406d0                _batch_exp
                0x00040750                _batch_ep
 .text          0x00040810        0x0 obj1/lincurse.o
 .text          0x00040810     0x45f0 obj1/lapb.o
                0x00040810                _init_hdlc_on_udp
                0x00040820                _initialize_linklayer
                0x00040900                _reset_linklayer
                0x000409a0                _init_link_rtns
                0x00040cc0                _get_retxwin
                0x00040d40                _initialize_network_buf
                0x00040d90                _init_lapb_for_reloadrsu
                0x00040da0                _lapb_link_ready
                0x00040dc0                _init_link_handler
                0x00040de0                _prnt_long
                0x00040e10                _prnt_int
                0x00040e40                _prnt_byte
                0x00040e70                _prnt_msg
                0x00040ea0                _put_retxwin
                0x00040f40                _save_tx_information
                0x00040fc0                _receive_packet
                0x00041010                _prnt_string
                0x00041030                _prnt_char
                0x00041050                _link_reset
                0x000411b0                _tx_pend
                0x00041250                _init_hdlc_ch
                0x00041300                _lapb_link_ready_for_check
                0x00041350                _set_lapb_link_flag
                0x00041370                _read_received_frame
                0x000415e0                _retx_Iframe
                0x00041770                _send_Uframe
                0x00041870                _link_rtn2
                0x00041920                _send_Sframe
                0x00041a00                _save_received_frame
                0x00041ae0                _transmit_packet_on_udp
                0x00041da0                _transmit_packet
                0x00041e10                _rx_pend
                0x00041eb0                _link_rtn13
                0x00041f90                _link_rtn5
                0x00042070                _link_rtn4
                0x00042150                _link_rtn16
                0x000421a0                _make_rx_fifo_empty
                0x000421e0                _link_rtn_null
                0x000422c0                _hwlayer_rx_handler
                0x00042310                _check_link_handler
                0x000423c0                _link_rtn20
                0x00042480                _link_rtn19
                0x000425d0                _link_rtn17
                0x00042620                _link_rtn15
                0x00042710                _link_rtn3
                0x00042760                _link_rtn1
                0x00042830                _release_retxwin
                0x000428e0                _check_NR_remove_ACKedframes
                0x000429b0                _link_rtn6
                0x00042a70                _hwlayer_tx_fast_handler
                0x00042ad0                _hwlayer_tx_handler
                0x00042b30                _send_Iframe
                0x00042e40                _link_rtn11
                0x00042ee0                _check_transmission_link
                0x00042fd0                _link_rtn12
                0x00042ff0                _check_expired_timers
                0x000432b0                _generic_linklayer_handler
                0x00043470                _link_hw_reset
                0x000436a0                _initialize_hwlayer
                0x00043760                _linklayer_fast_handler
                0x000438f0                _linklayer_handler
                0x00043a80                _link_rtn7
                0x00043e80                _link_rtn18
                0x00043ee0                _link_rtn14
                0x00044120                _link_rtn10
                0x00044460                _link_rtn9
                0x00044680                _link_rtn8
                0x000448e0                _init_lapb
 .text          0x00044e00        0x0 obj1/sml.o
 .text          0x00044e00        0x0 obj1/smllyr1.o
 .text          0x00044e00     0x3900 obj1/glb_rtns.o
                0x00044e00                _init_mem_rec
                0x00044ea0                _check_size_of_next_packet_for_read_buffer
                0x00044ec0                _read_buffer
                0x00044f50                _read_buffer_only_data
                0x00044fb0                _check_if_data_exist
                0x00044fd0                _get_buf
                0x00045010                _read_buf
                0x00045040                _check_size_of_next_packet
                0x00045070                _checkfree_buf
                0x00045090                _put_pckt_with_two_bytes_size_to_buf
                0x00045150                _put_pckt_with_one_byte_size_to_buf
                0x00045200                _get_pckt_with_two_bytes_size_from_buf
                0x000452c0                _get_this_size_of_data_from_buf
                0x00045330                _get_pckt_with_one_byte_size_from_buf
                0x000453c0                _read_and_check_size_buffer
                0x000454b0                _get_pckt_from_variable_size_buf
                0x000455a0                _check_variable_size_buf_is_empty
                0x000455c0                _check_free_variable_size_buf
                0x000455e0                _check_used_variable_size_buf
                0x00045600                _get_pckt_size_from_variable_size_buf
                0x000456b0                _get_this_size_of_data_from_variable_size_buf
                0x00045720                _get_maximum_this_size_of_data_from_variable_size_buf
                0x00045790                _copy_addr
                0x00045820                _find_g_pointer_from_mr1
                0x00045860                _put_buf
                0x000458c0                _find_sp_from_tree
                0x000459c0                _dump_buf
                0x00045a50                _find_mr1
                0x00045aa0                _print_mr
                0x00045b50                _write_and_check_size_buffer
                0x00045cf0                _write_buffer_only_data
                0x00045e00                _write_buffer
                0x00045f40                _change_ipv4_to_string
                0x00045f80                _find_ipv4_from_string
                0x00046120                _read_kiatel_udp_config_file
                0x00046760                _print_my_mr1
                0x00046810                _add_this_oam_route
                0x00046870                _init_debug
                0x00046890                _print_stored_call_frame
                0x00046910                _print_addr
                0x00046920                _dump_mem_rec
                0x00046a60                _find_free_mem_rec
                0x00046b80                _store_call_frame
                0x00046cf0                _save_addr
                0x00046d10                _kt_backtrace
                0x00046e20                _print_call_frame
                0x00046e50                _mem_set
                0x00046e60                _mem_rls
                0x00046e90                _mem_req
                0x00046ea0                _mem_cmp
                0x00046ed0                _mem_cpy
                0x00046ee0                _mem_rec_rls
                0x00047020                _kt_g_free
                0x00047040                _free_sp_node
                0x00047070                _free_sp_branch
                0x000473c0                _find_mr1_from_g_pointer
                0x00047410                _put_pckt_to_variable_size_buf
                0x000475d0                _sp_node_req
                0x00047850                _make_sp_branch
                0x00047ba0                _make_copy_of_mr1
                0x00047e40                _kt_g_malloc
                0x00048110                _read_sp_file
                0x00048430                _allocate_two_dimensions_char_array
                0x000484b0                _kt_g_calloc
                0x000484f0                _mem_rec_req
 .text          0x00048700        0x0 obj1/lintcp.o
 .text          0x00048700      0xdb0 obj1/malloc.o
                0x00048700                _my_sbrk
                0x00048730                _dynamic_mem_init
                0x00048780                _my_size2bucket
                0x000487a0                _my_b2bucket
                0x000487d0                _my_split_block
                0x00048810                _my_malloc
                0x00048a70                _my_merge
                0x00048b00                _long_2_prnt
                0x00048b30                _my_assert
                0x00048c10                _print_pointer
                0x00049050                _dump_memory
                0x000491e0                _dump_all_memory
                0x000492c0                _my_free
                0x00049450                _my_realloc
 .text          0x000494b0      0xf30 obj1/arp.o
                0x000494b0                _init_arp_type_array
                0x000496b0                _ntoharp
                0x000497e0                _htonarp
                0x00049910                _gratuituos_arp_output
                0x00049a00                _arp_output
                0x00049b00                _arp_lookup
                0x00049b40                _arp_drop
                0x00049be0                _arp_timeout
                0x00049c40                _arp_add
                0x00049e80                _res_arp
                0x00049f60                _arp_input
 .text          0x0004a3e0     0x27b0 obj1/ip.o
                0x0004a3e0                _hash_ip
                0x0004a410                _init_hopper_q
                0x0004a430                _from_hopper_q
                0x0004a470                _init_ip_route_st
                0x0004a5a0                _find_free_iface_struct
                0x0004a5c0                _init_ip_buf
                0x0004a630                _ntohicmp
                0x0004a740                _htonicmp
                0x0004a8c0                _smsg
                0x0004a910                _mesle_adamizad_inet_ntoa
                0x0004a950                _clockbits
                0x0004a9d0                _rdclock
                0x0004aa00                _find_free_ip_route_rec
                0x0004aa70                _rt_blookup
                0x0004ab30                _ntohip
                0x0004aca0                _htonip
                0x0004aeb0                _icmp_output
                0x0004b140                _to_hopper_q
                0x0004b1b0                _init_iface_struct
                0x0004b1d0                _rls_ip_route_rec
                0x0004b270                _rt_drop
                0x0004b410                _my_rt_drop
                0x0004b430                _ip_route_hndlr
                0x0004bc80                _ip_init
                0x0004bee0                _rt_add
                0x0004c130                _my_rt_add
                0x0004c160                _msclock
                0x0004c250                _ip_mtu
                0x0004c580                _echo_proc
                0x0004c660                _icmp_input
 .text          0x0004cb90      0xdd0 obj1/iprx.o
                0x0004cb90                _lookup_reasm
                0x0004cc10                _freefrag
                0x0004cc90                _newfrag
                0x0004cd10                _creat_reasm
                0x0004cdc0                _ntohether
                0x0004cf30                _eproc
                0x0004cfd0                _free_reasm
                0x0004d0c0                _ip_timeout
                0x0004d110                _fraghandle
                0x0004d820                _ip_recv
 .text          0x0004d960     0x1020 obj1/iptx.o
                0x0004d960                _ismyaddr
                0x0004d9a0                _rls_my_pkt_rec
                0x0004d9d0                _create_my_pkt_rec
                0x0004da20                _htonether
                0x0004db40                _enet_output
                0x0004dc60                _enet_send
                0x0004dcf0                _rt_lookup
                0x0004de30                _net_route
                0x0004de70                _q_pkt
                0x0004dfe0                _ttldec
                0x0004e120                _ttldec_all_iface
                0x0004e150                _if_tx
                0x0004e230                _iface_outq_hndlr
                0x0004e270                _locaddr
                0x0004e540                _ip_send
 .text          0x0004e980      0x990 obj1/tcp1.o
                0x0004e980                _checkipaddr
                0x0004e9a0                _init_usock_st
                0x0004ea70                _change_to_kiatel_count
                0x0004ea90                _find_free_usock_st
                0x0004eb10                _rls_usock_st
                0x0004ec50                _trim_mbuf
                0x0004eda0                _bind
                0x0004ef50                _autobind
                0x0004ef90                _tcp_udp_init
                0x0004f080                _socket
 .text          0x0004f310        0x0 obj1/tcp2.o
 .text          0x0004f310        0x0 obj1/tcprx.o
 .text          0x0004f310        0x0 obj1/tcptx.o
 .text          0x0004f310     0x1080 obj1/pktdrvr.o
                0x0004f310                _init_pktdrvr_buf
                0x0004f350                _restore
                0x0004f370                _pktdrvr_rx_hndlr
                0x0004f4d0                _set_rcv_mode
                0x0004f530                _get_address
                0x0004f5c0                _terminate
                0x0004f610                _release_type
                0x0004f660                _access_type
                0x0004f6e0                _driver_info
                0x0004f7a0                _pk_send
                0x0004f880                _pktdrvr_tx_hndlr
                0x0004f910                _init_pktdrvr_st
                0x0004f980                _pk_stop
                0x0004fae0                _generic_pkint
                0x0004fce0                _pkint1
                0x0004fd00                _pkint0
                0x0004fe90                _pk_attach
                0x00050360                _all_pk_attach
 .text          0x00050390      0xc20 obj1/misc.o
                0x00050390                _put32
                0x000503c0                _put16
                0x000503e0                _get16
                0x00050400                _get32
                0x00050430                _eac
                0x00050460                _lcsum
                0x000504c0                _enqueue
                0x00050510                _dequeue
                0x00050550                _rls_mr1_list
                0x000505a0                _my_pullup_linklist_only
                0x000506d0                _my_pullup_linklist_copy_data
                0x000508a0                _my_pushdown_copy_data
                0x00050980                _my_pushdown
                0x00050a40                _my_append
                0x00050b60                _my_pullup_copy_data
                0x00050c70                _pull8
                0x00050cb0                _my_pullup_only
                0x00050da0                _pull16
                0x00050df0                _pull32
                0x00050e50                _cksum
 .text          0x00050fb0     0x1950 obj1/udp.o
                0x00050fb0                _so_udp
                0x00050fc0                _s_urcall
                0x00050fd0                _so_udp_stat
                0x00050fe0                _lookup_ucb
                0x00051070                _udp_garbage
                0x00051080                _udpcksum
                0x000510b0                _init_ucb_st
                0x00051370                _find_free_ucb_st
                0x000513e0                _so_udp_qlen
                0x00051420                _rls_ucb_st
                0x000514d0                _ntohudp
                0x00051560                _htonudp
                0x00051650                _del_udp
                0x00051750                _recv_udp
                0x00051820                _send_udp
                0x00051960                _so_udp_send
                0x00051a40                _so_udp_conn
                0x00051a70                _start_udp
                0x00051b20                _udp_input
                0x00051e10                _open_udp
                0x00051f50                _so_udp_close
                0x00052050                _so_udp_bind
                0x00052210                _xmit_udp
                0x000522b0                _close_s_udp
                0x00052410                _udp_recv_hndlr
                0x00052660                _so_udp_recv
                0x00052790                _so_udp_shut
 .text          0x00052900     0x1984 c:/djgpp/lib/libdbg.a(syms.o)
                0x00053ac4                _syms_init
                0x00053c84                _syms_name2val
                0x00053f98                _syms_val2name
                0x000540b8                _syms_val2line
                0x00054164                _syms_listwild
                0x000541e0                _syms_module
                0x00054204                _syms_line2val
 *fill*         0x00054284        0xc 00
 .text          0x00054290     0x172c c:/djgpp/lib/libdbg.a(dbgcom.o)
                0x00054290                _save_npx
                0x00054408                _load_npx
                0x000544a8                __set_break_DPMI
                0x000545a8                __clear_break_DPMI
                0x00054892                _dbgcom_hook_i31
                0x00054b20                _dbgcom_hook_i21
                0x00054b73                _dbgcom_exception_return_to_debuggee
                0x00054bd7                _dbgcom_exception_return_to_here
                0x00054bfc                ___dbgcom_kbd_hdlr
                0x00054fd8                _run_child
                0x00055284                _read_child
                0x000552c8                _write_child
                0x0005530c                _invalid_sel_addr
                0x00055358                _read_sel_addr
                0x000553b0                _write_sel_addr
                0x000553f8                _edi_init
                0x00055650                _cleanup_client
 *fill*         0x000559bc        0x4 00
 .text          0x000559c0       0x80 c:/djgpp/lib/libdbg.a(wild.o)
                0x000559c0                _wild
 .text          0x00055a40        0x0 c:/djgpp/lib/libdbg.a(id_dbg.o)
 .text          0x00055a40     0x1190 c:/djgpp/bin/../lib/gcc/djgpp/4.21/libgcc.a(unwind-dw2-fde.o)
                0x00055ae0                ___register_frame_info_bases
                0x00055b30                ___register_frame_info
                0x00055b50                ___register_frame_info_table_bases
                0x00055b90                ___register_frame_info_table
                0x00056340                ___register_frame_table
                0x00056360                ___register_frame
                0x00056960                ___deregister_frame_info_bases
                0x00056a00                ___deregister_frame_info
                0x00056a10                ___deregister_frame
                0x00056ad0                __Unwind_Find_FDE
 .text          0x00056bd0      0x140 c:/djgpp/bin/../lib/gcc/djgpp/4.21/libgcc.a(_udivdi3.o)
                0x00056bd0                ___udivdi3
 .text          0x00056d10      0x160 c:/djgpp/bin/../lib/gcc/djgpp/4.21/libgcc.a(_umoddi3.o)
                0x00056d10                ___umoddi3
 .text          0x00056e70      0x26c c:/djgpp/lib/libc.a(npxsetup.o)
                0x00056f54                __npxsetup
 *fill*         0x000570dc        0x4 00
 .text          0x000570e0        0x0 c:/djgpp/lib/libc.a(id_c.o)
 .text          0x000570e0      0x410 c:/djgpp/lib/libc.a(crt1.o)
                0x00057438                ___crt1_startup
 .text          0x000574f0      0x3e0 c:/djgpp/lib/libc.a(exceptn.o)
                0x000574f0                ___djgpp_exception_table
                0x00057674                ___djgpp_save_interrupt_regs
                0x000576f0                ___djgpp_hw_lock_start
                0x000576f8                ___djgpp_cbrk_count
                0x000576fc                ___djgpp_timer_countdown
                0x00057700                ___djgpp_our_DS
                0x00057702                ___djgpp_app_DS
                0x00057704                ___djgpp_dos_sel
                0x00057706                ___djgpp_hwint_flags
                0x00057708                ___djgpp_sigint_key
                0x0005770a                ___djgpp_sigint_mask
                0x0005770c                ___djgpp_sigquit_key
                0x0005770e                ___djgpp_sigquit_mask
                0x00057710                ___djgpp_old_kbd
                0x00057718                ___djgpp_old_timer
                0x00057720                ___djgpp_exception_state_ptr
                0x00057764                ___djgpp_ds_alias
                0x00057766                ___djgpp_npx_hdlr
                0x00057780                ___djgpp_kbd_hdlr
                0x000577e2                ___djgpp_kbd_hdlr_pc98
                0x00057822                ___djgpp_timer_hdlr
                0x00057860                ___djgpp_cbrk_hdlr
                0x0005788c                ___djgpp_i24
                0x0005788e                ___djgpp_iret
                0x00057890                ___djgpp_hw_exception
                0x000578cc                ___djgpp_hw_lock_end
 .text          0x000578d0        0x0 c:/djgpp/lib/libc.a(infostrc.o)
 .text          0x000578d0       0xd8 c:/djgpp/lib/libc.a(putchar.o)
                0x000578d0                _putchar
 *fill*         0x000579a8        0x8 00
 .text          0x000579b0      0x138 c:/djgpp/lib/libc.a(fopen.o)
                0x000579b0                _fopen
 *fill*         0x00057ae8        0x8 00
 .text          0x00057af0       0xe0 c:/djgpp/lib/libc.a(fgets.o)
                0x00057af0                _fgets
 .text          0x00057bd0       0x44 c:/djgpp/lib/libc.a(sscanf.o)
                0x00057bd0                _sscanf
 *fill*         0x00057c14        0xc 00
 .text          0x00057c20       0xa8 c:/djgpp/lib/libc.a(fclose.o)
                0x00057c20                _fclose
 *fill*         0x00057cc8        0x8 00
 .text          0x00057cd0       0x78 c:/djgpp/lib/libc.a(strtok.o)
                0x00057cd0                _strtok
 *fill*         0x00057d48        0x8 00
 .text          0x00057d50       0x14 c:/djgpp/lib/libc.a(atoi.o)
                0x00057d50                _atoi
 *fill*         0x00057d64        0xc 00
 .text          0x00057d70     0x1478 c:/djgpp/lib/libc.a(conio.o)
                0x00057df0                _puttext
                0x00057e80                _gettext
                0x00057eec                _gotoxy
                0x00057f2c                _wherex
                0x00057f54                _wherey
                0x00057f7c                _textmode
                0x00058020                _textattr
                0x00058034                _textcolor
                0x00058074                _textbackground
                0x000580bc                _highvideo
                0x000580d8                _lowvideo
                0x000580f4                _normvideo
                0x0005810c                __setcursortype
                0x0005816c                _clreol
                0x00058274                _clrscr
                0x00058358                _putch
                0x00058490                _getche
                0x000584b4                _getch
                0x00058554                _ungetch
                0x0005857c                __conio_kbhit
                0x000585b4                _insline
                0x0005867c                _delline
                0x00058758                _window
                0x000587b8                _cputs
                0x00058a80                _cprintf
                0x00058ab8                _cgets
                0x00058b44                _cscanf
                0x00058b64                _movetext
                0x00058c2c                _gettextinfo
                0x00058f0c                __set_screen_lines
                0x0005906c                _blinkvideo
                0x000590a8                _intensevideo
                0x000590e4                _gppconio_init
 *fill*         0x000591e8        0x8 00
 .text          0x000591f0       0xb4 c:/djgpp/lib/libc.a(putc.o)
                0x000591f0                _putc
 *fill*         0x000592a4        0xc 00
 .text          0x000592b0       0x84 c:/djgpp/lib/libc.a(fprintf.o)
                0x000592b0                _fprintf
 *fill*         0x00059334        0xc 00
 .text          0x00059340       0x34 c:/djgpp/lib/libc.a(fgetpos.o)
                0x00059340                _fgetpos
 *fill*         0x00059374        0xc 00
 .text          0x00059380       0xf0 c:/djgpp/lib/libc.a(fseek.o)
                0x00059380                _fseek
 .text          0x00059470       0x30 c:/djgpp/lib/libc.a(fsetpos.o)
                0x00059470                _fsetpos
 .text          0x000594a0      0x210 c:/djgpp/lib/libc.a(fwrite.o)
                0x000594a0                _fwrite
 .text          0x000596b0        0x0 c:/djgpp/lib/libc.a(ct_flags.o)
 .text          0x000596b0      0x248 c:/djgpp/lib/libc.a(strtoll.o)
                0x000596b0                _strtoll
 *fill*         0x000598f8        0x8 00
 .text          0x00059900      0x158 c:/djgpp/lib/libc.a(strtol.o)
                0x00059900                _strtol
 *fill*         0x00059a58        0x8 00
 .text          0x00059a60      0x3ec c:/djgpp/lib/libc.a(malloc.o)
                0x00059a60                _malloc
                0x00059c98                _free
                0x00059dfc                _realloc
 *fill*         0x00059e4c        0x4 00
 .text          0x00059e50       0xa0 c:/djgpp/lib/libc.a(getc.o)
                0x00059e50                _getc
 .text          0x00059ef0        0x4 c:/djgpp/lib/libc.a(stdout.o)
 *fill*         0x00059ef4        0xc 00
 .text          0x00059f00      0x160 c:/djgpp/lib/libc.a(freopen.o)
                0x00059f00                _freopen
 .text          0x0005a060       0x14 c:/djgpp/lib/libc.a(fscanf.o)
                0x0005a060                _fscanf
 *fill*         0x0005a074        0xc 00
 .text          0x0005a080       0x58 c:/djgpp/lib/libc.a(ftell.o)
                0x0005a080                _ftell
 *fill*         0x0005a0d8        0x8 00
 .text          0x0005a0e0       0x38 c:/djgpp/lib/libc.a(strncpy.o)
                0x0005a0e0                _strncpy
 *fill*         0x0005a118        0x8 00
 .text          0x0005a120       0x7c c:/djgpp/lib/libc.a(exit.o)
                0x0005a120                _exit
 *fill*         0x0005a19c        0x4 00
 .text          0x0005a1a0       0x38 c:/djgpp/lib/libc.a(sprintf.o)
                0x0005a1a0                _sprintf
 *fill*         0x0005a1d8        0x8 00
 .text          0x0005a1e0       0x2c c:/djgpp/lib/libc.a(strcat.o)
                0x0005a1e0                _strcat
 *fill*         0x0005a20c        0x4 00
 .text          0x0005a210       0xb4 c:/djgpp/lib/libc.a(fputc.o)
                0x0005a210                _fputc
 *fill*         0x0005a2c4        0xc 00
 .text          0x0005a2d0      0x33c c:/djgpp/lib/libc.a(srchpath.o)
                0x0005a2dc                _searchpath
 *fill*         0x0005a60c        0x4 00
 .text          0x0005a610       0x20 c:/djgpp/lib/libc.a(spawnl.o)
                0x0005a610                _spawnl
 .text          0x0005a630       0x20 c:/djgpp/lib/libc.a(strchr.o)
                0x0005a630                _strchr
 .text          0x0005a650       0x30 c:/djgpp/lib/libc.a(setdate.o)
                0x0005a650                _setdate
 .text          0x0005a680       0x34 c:/djgpp/lib/libc.a(settime.o)
                0x0005a680                _settime
 *fill*         0x0005a6b4        0xc 00
 .text          0x0005a6c0       0x84 c:/djgpp/lib/libc.a(d0300_z.o)
                0x0005a6c0                ___dpmi_int
 *fill*         0x0005a744        0xc 00
 .text          0x0005a750       0x28 c:/djgpp/lib/libc.a(gopvec.o)
                0x0005a750                __go32_dpmi_get_protected_mode_interrupt_vector
                0x0005a764                __go32_dpmi_set_protected_mode_interrupt_vector
 *fill*         0x0005a778        0x8 00
 .text          0x0005a780      0x3bc c:/djgpp/lib/libc.a(int86.o)
                0x0005a780                _int86
 *fill*         0x0005ab3c        0x4 00
 .text          0x0005ab40      0x36c c:/djgpp/lib/libc.a(gopint.o)
                0x0005ab40                __go32_dpmi_lock_data
                0x0005ab90                __go32_dpmi_lock_code
                0x0005ad48                __go32_dpmi_chain_protected_mode_interrupt_vector
                0x0005ae6c                __go32_dpmi_allocate_iret_wrapper
                0x0005ae80                __go32_dpmi_free_iret_wrapper
 *fill*         0x0005aeac        0x4 00
 .text          0x0005aeb0        0x0 c:/djgpp/lib/libc.a(ct_lower.o)
 .text          0x0005aeb0      0x17c c:/djgpp/lib/libc.a(fread.o)
                0x0005aeb0                _fread
 *fill*         0x0005b02c        0x4 00
 .text          0x0005b030       0x28 c:/djgpp/lib/libc.a(strcmp.o)
                0x0005b030                _strcmp
 *fill*         0x0005b058        0x8 00
 .text          0x0005b060      0x13c c:/djgpp/lib/libc.a(fputs.o)
                0x0005b060                _fputs
 *fill*         0x0005b19c        0x4 00
 .text          0x0005b1a0        0x8 c:/djgpp/lib/libc.a(stub0010.o)
                0x0005b1a0                _mkdir
 *fill*         0x0005b1a8        0x8 00
 .text          0x0005b1b0       0x20 c:/djgpp/lib/libc.a(strlen.o)
                0x0005b1b0                _strlen
 .text          0x0005b1d0       0x5c c:/djgpp/lib/libc.a(ldiv.o)
                0x0005b1d0                _ldiv
 *fill*         0x0005b22c        0x4 00
 .text          0x0005b230        0x8 c:/djgpp/lib/libc.a(stub0018.o)
                0x0005b230                _filelength
 *fill*         0x0005b238        0x8 00
 .text          0x0005b240        0x8 c:/djgpp/lib/libc.a(stub0009.o)
                0x0005b240                _lseek
 *fill*         0x0005b248        0x8 00
 .text          0x0005b250       0xf4 c:/djgpp/lib/libc.a(d_write.o)
                0x0005b250                __dos_write
 *fill*         0x0005b344        0xc 00
 .text          0x0005b350      0x104 c:/djgpp/lib/libc.a(d_read.o)
                0x0005b350                __dos_read
 *fill*         0x0005b454        0xc 00
 .text          0x0005b460       0x40 c:/djgpp/lib/libc.a(d_close.o)
                0x0005b460                __dos_close
 .text          0x0005b4a0       0x78 c:/djgpp/lib/libc.a(d_creat.o)
                0x0005b4a0                __dos_creat
 *fill*         0x0005b518        0x8 00
 .text          0x0005b520       0x78 c:/djgpp/lib/libc.a(d_open.o)
                0x0005b520                __dos_open
 *fill*         0x0005b598        0x8 00
 .text          0x0005b5a0       0x38 c:/djgpp/lib/libc.a(vsprintf.o)
                0x0005b5a0                _vsprintf
 *fill*         0x0005b5d8        0x8 00
 .text          0x0005b5e0        0x0 c:/djgpp/lib/libc.a(ct_upper.o)
 .text          0x0005b5e0       0x1c c:/djgpp/lib/libc.a(memcpy.o)
                0x0005b5e0                _memcpy
 *fill*         0x0005b5fc        0x4 00
 .text          0x0005b600       0x10 c:/djgpp/lib/libc.a(feof.o)
                0x0005b600                _feof
 .text          0x0005b610       0xa0 c:/djgpp/lib/libc.a(fgetc.o)
                0x0005b610                _fgetc
 .text          0x0005b6b0     0x1510 c:/djgpp/lib/libc.a(system.o)
                0x0005b708                __shell_command
                0x0005c1d4                _system
 .text          0x0005cbc0       0x80 c:/djgpp/lib/libc.a(vfprintf.o)
                0x0005cbc0                _vfprintf
 .text          0x0005cc40       0xb4 c:/djgpp/lib/libc.a(itoa.o)
                0x0005cc40                _itoa
 *fill*         0x0005ccf4        0xc 00
 .text          0x0005cd00       0x28 c:/djgpp/lib/libc.a(memmove.o)
                0x0005cd00                _memmove
 *fill*         0x0005cd28        0x8 00
 .text          0x0005cd30       0x28 c:/djgpp/lib/libc.a(strcpy.o)
                0x0005cd30                _strcpy
 *fill*         0x0005cd58        0x8 00
 .text          0x0005cd60       0x40 c:/djgpp/lib/libc.a(memset.o)
                0x0005cd60                _memset
 .text          0x0005cda0       0x10 c:/djgpp/lib/libc.a(disable.o)
                0x0005cda0                _disable
 .text          0x0005cdb0       0x44 c:/djgpp/lib/libc.a(printf.o)
                0x0005cdb0                _printf
 *fill*         0x0005cdf4        0xc 00
 .text          0x0005ce00       0x10 c:/djgpp/lib/libc.a(enable.o)
                0x0005ce00                _enable
 .text          0x0005ce10        0x8 c:/djgpp/lib/libc.a(stub0016.o)
                0x0005ce10                _dosmemget
 *fill*         0x0005ce18        0x8 00
 .text          0x0005ce20       0x38 c:/djgpp/lib/libc.a(d0300.o)
                0x0005ce20                ___dpmi_simulate_real_mode_interrupt
 *fill*         0x0005ce58        0x8 00
 .text          0x0005ce60        0x8 c:/djgpp/lib/libc.a(stub0017.o)
                0x0005ce60                _dosmemput
 *fill*         0x0005ce68        0x8 00
 .text          0x0005ce70       0x98 c:/djgpp/lib/libc.a(gormem.o)
                0x0005ce70                __go32_dpmi_allocate_dos_memory
                0x0005ceb4                __go32_dpmi_free_dos_memory
                0x0005ced8                __go32_dpmi_resize_dos_memory
 *fill*         0x0005cf08        0x8 00
 .text          0x0005cf10      0x248 c:/djgpp/lib/libc.a(gormcb.o)
                0x0005d064                __go32_dpmi_allocate_real_mode_callback_retf
                0x0005d110                __go32_dpmi_allocate_real_mode_callback_iret
                0x0005d124                __go32_dpmi_free_real_mode_callback
 *fill*         0x0005d158        0x8 00
 .text          0x0005d160       0x3c c:/djgpp/lib/libc.a(strncmp.o)
                0x0005d160                _strncmp
 *fill*         0x0005d19c        0x4 00
 .text          0x0005d1a0       0x30 c:/djgpp/lib/libc.a(perror.o)
                0x0005d1a8                _perror
 .text          0x0005d1d0      0x40c c:/djgpp/lib/libc.a(qsort.o)
                0x0005d1d0                _qsort
 *fill*         0x0005d5dc        0x4 00
 .text          0x0005d5e0      0x13c c:/djgpp/lib/libc.a(strtoul.o)
                0x0005d5e0                _strtoul
 *fill*         0x0005d71c        0x4 00
 .text          0x0005d720       0x40 c:/djgpp/lib/libc.a(strpbrk.o)
                0x0005d720                _strpbrk
 .text          0x0005d760       0x28 c:/djgpp/lib/libc.a(d0e00.o)
                0x0005d760                ___dpmi_get_coprocessor_status
 *fill*         0x0005d788        0x8 00
 .text          0x0005d790       0x2c c:/djgpp/lib/libc.a(d0006.o)
                0x0005d790                ___dpmi_get_segment_base_address
 *fill*         0x0005d7bc        0x4 00
 .text          0x0005d7c0       0x2c c:/djgpp/lib/libc.a(d0204.o)
                0x0005d7c0                ___dpmi_get_protected_mode_interrupt_vector
 *fill*         0x0005d7ec        0x4 00
 .text          0x0005d7f0       0x2c c:/djgpp/lib/libc.a(d0202.o)
                0x0005d7f0                ___dpmi_get_processor_exception_handler_vector
 *fill*         0x0005d81c        0x4 00
 .text          0x0005d820       0x2c c:/djgpp/lib/libc.a(d0205.o)
                0x0005d820                ___dpmi_set_protected_mode_interrupt_vector
 *fill*         0x0005d84c        0x4 00
 .text          0x0005d850      0xfc8 c:/djgpp/lib/libc.a(dpmiexcp.o)
                0x0005e134                _signal
                0x0005e284                ___djgpp_traceback_exit
                0x0005e334                _raise
                0x0005e3bc                ___djgpp_exception_processor
                0x0005e40c                ___djgpp_exception_toggle
                0x0005e5e8                ___djgpp_set_sigint_key
                0x0005e5fc                ___djgpp_set_sigquit_key
                0x0005e610                ___djgpp_exception_setup
                0x0005e76c                ___djgpp_set_ctrl_c
                0x0005e798                ___maybe_fix_w2k_ntvdm_bug
                0x0005e7d8                __exit
 *fill*         0x0005e818        0x8 00
 .text          0x0005e820       0x74 c:/djgpp/lib/libc.a(longjmp.o)
                0x0005e820                _longjmp
 *fill*         0x0005e894        0xc 00
 .text          0x0005e8a0       0x2c c:/djgpp/lib/libc.a(d0203.o)
                0x0005e8a0                ___dpmi_set_processor_exception_handler_vector
 *fill*         0x0005e8cc        0x4 00
 .text          0x0005e8d0        0x4 c:/djgpp/lib/libc.a(stderr.o)
 *fill*         0x0005e8d4        0xc 00
 .text          0x0005e8e0       0x2c c:/djgpp/lib/libc.a(md.o)
                0x0005e8e0                ___movedata
 *fill*         0x0005e90c        0x4 00
 .text          0x0005e910       0x2c c:/djgpp/lib/libc.a(d0008.o)
                0x0005e910                ___dpmi_set_segment_limit
 *fill*         0x0005e93c        0x4 00
 .text          0x0005e940       0x58 c:/djgpp/lib/libc.a(setjmp.o)
                0x0005e940                _setjmp
 *fill*         0x0005e998        0x8 00
 .text          0x0005e9a0       0x14 c:/djgpp/lib/libc.a(dpmi_lsl.o)
                0x0005e9a0                ___dpmi_get_segment_limit
 *fill*         0x0005e9b4        0xc 00
 .text          0x0005e9c0       0x24 c:/djgpp/lib/libc.a(abort.o)
                0x0005e9c0                _abort
 *fill*         0x0005e9e4        0xc 00
 .text          0x0005e9f0       0x24 c:/djgpp/lib/libc.a(d0101.o)
                0x0005e9f0                ___dpmi_free_dos_memory
 *fill*         0x0005ea14        0xc 00
 .text          0x0005ea20       0x2c c:/djgpp/lib/libc.a(d0502.o)
                0x0005ea20                ___dpmi_free_memory
 *fill*         0x0005ea4c        0x4 00
 .text          0x0005ea50       0x24 c:/djgpp/lib/libc.a(d0001.o)
                0x0005ea50                ___dpmi_free_ldt_descriptor
 *fill*         0x0005ea74        0xc 00
 .text          0x0005ea80       0x78 c:/djgpp/lib/libc.a(_close.o)
                0x0005ea80                __close
 *fill*         0x0005eaf8        0x8 00
 .text          0x0005eb00      0x124 c:/djgpp/lib/libc.a(_creat.o)
                0x0005eb00                __creat
 *fill*         0x0005ec24        0xc 00
 .text          0x0005ec30      0x1c8 c:/djgpp/lib/libc.a(_open.o)
                0x0005ec30                __open
 *fill*         0x0005edf8        0x8 00
 .text          0x0005ee00      0x280 c:/djgpp/lib/libc.a(fsext.o)
                0x0005ee44                ___FSEXT_alloc_fd
                0x0005ef70                ___FSEXT_set_function
                0x0005efa0                ___FSEXT_get_function
                0x0005f028                ___FSEXT_set_data
                0x0005f054                ___FSEXT_get_data
 .text          0x0005f080       0x70 c:/djgpp/lib/libc.a(fse_open.o)
                0x0005f080                ___FSEXT_add_open_handler
                0x0005f0b0                ___FSEXT_call_open_handlers
 .text          0x0005f0f0       0x64 c:/djgpp/lib/libc.a(getenv.o)
                0x0005f0f0                _getenv
 *fill*         0x0005f154        0xc 00
 .text          0x0005f160       0x28 c:/djgpp/lib/libc.a(d0e01.o)
                0x0005f160                ___dpmi_set_coprocessor_emulation
 *fill*         0x0005f188        0x8 00
 .text          0x0005f190       0x50 c:/djgpp/lib/libc.a(fpu.o)
                0x0005f190                __detect_80387
 .text          0x0005f1e0       0xf0 c:/djgpp/lib/libc.a(_write.o)
                0x0005f1e0                __write
 .text          0x0005f2d0       0xc4 c:/djgpp/lib/libc.a(dxeload.o)
                0x0005f2d0                __dxe_load
 *fill*         0x0005f394        0xc 00
 .text          0x0005f3a0       0x28 c:/djgpp/lib/libc.a(cntrl87.o)
                0x0005f3a0                __control87
 *fill*         0x0005f3c8        0x8 00
 .text          0x0005f3d0       0x24 c:/djgpp/lib/libc.a(d0000.o)
                0x0005f3d0                ___dpmi_allocate_ldt_descriptors
 *fill*         0x0005f3f4        0xc 00
 .text          0x0005f400       0x38 c:/djgpp/lib/libc.a(d0400.o)
                0x0005f400                ___dpmi_get_version
 *fill*         0x0005f438        0x8 00
 .text          0x0005f440       0x30 c:/djgpp/lib/libc.a(calloc.o)
                0x0005f440                _calloc
 .text          0x0005f470      0x1bc c:/djgpp/lib/libc.a(getdos_v.o)
                0x0005f524                __get_dos_version
 *fill*         0x0005f62c        0x4 00
 .text          0x0005f630        0x0 c:/djgpp/lib/libc.a(osmajor.o)
 .text          0x0005f630        0x0 c:/djgpp/lib/libc.a(osminor.o)
 .text          0x0005f630      0x2e8 c:/djgpp/lib/libc.a(putenv.o)
                0x0005f630                ___putenv
 *fill*         0x0005f918        0x8 00
 .text          0x0005f920       0x4c c:/djgpp/lib/libc.a(frlist.o)
                0x0005f920                ___setup_file_rec_list
 *fill*         0x0005f96c        0x4 00
 .text          0x0005f970      0x338 c:/djgpp/lib/libc.a(_use_lfn.o)
                0x0005f970                __get_volume_info
                0x0005fb18                __use_lfn
 *fill*         0x0005fca8        0x8 00
 .text          0x0005fcb0      0x55c c:/djgpp/lib/libc.a(c1loadef.o)
                0x0005fcc4                ___crt0_load_environment_file
 *fill*         0x0006020c        0x4 00
 .text          0x00060210      0xbb0 c:/djgpp/lib/libc.a(c1args.o)
                0x0006088c                ___crt0_setup_arguments
 .text          0x00060dc0       0x44 c:/djgpp/lib/libc.a(_main.o)
                0x00060dc0                ___main
 *fill*         0x00060e04        0xc 00
 .text          0x00060e10      0x174 c:/djgpp/lib/libc.a(write.o)
                0x00060e10                ___write
 *fill*         0x00060f84        0xc 00
 .text          0x00060f90       0x38 c:/djgpp/lib/libc.a(isatty.o)
                0x00060f90                ___isatty
 *fill*         0x00060fc8        0x8 00
 .text          0x00060fd0       0xbc c:/djgpp/lib/libc.a(dosio.o)
                0x00060fd0                ___file_handle_set
 *fill*         0x0006108c        0x4 00
 .text          0x00061090      0x154 c:/djgpp/lib/libc.a(flsbuf.o)
                0x00061090                __flsbuf
 *fill*         0x000611e4        0xc 00
 .text          0x000611f0       0xa0 c:/djgpp/lib/libc.a(allocfil.o)
                0x000611f4                ___alloc_file
 .text          0x00061290        0x0 c:/djgpp/lib/libc.a(fmode.o)
 .text          0x00061290      0x174 c:/djgpp/lib/libc.a(open.o)
                0x00061290                ___open
 *fill*         0x00061404        0xc 00
 .text          0x00061410       0x90 c:/djgpp/lib/libc.a(lseek.o)
                0x00061410                ___lseek
 .text          0x000614a0       0x98 c:/djgpp/lib/libc.a(read.o)
                0x000614a0                ___read
 *fill*         0x00061538        0x8 00
 .text          0x00061540      0x1d0 c:/djgpp/lib/libc.a(filbuf.o)
                0x00061544                __filbuf
 .text          0x00061710      0x94c c:/djgpp/lib/libc.a(doscan.o)
                0x00061710                __doscan
                0x00061730                __doscan_low
 *fill*         0x0006205c        0x4 00
 .text          0x00062060       0xf0 c:/djgpp/lib/libc.a(fflush.o)
                0x00062060                _fflush
 .text          0x00062150       0x10 c:/djgpp/lib/libc.a(close.o)
                0x00062150                ___close
 .text          0x00062160       0xf0 c:/djgpp/lib/libc.a(remove.o)
                0x00062160                _remove
 .text          0x00062250       0x24 c:/djgpp/lib/libc.a(dmp.o)
                0x00062250                ___dosmemput
 *fill*         0x00062274        0xc 00
 .text          0x00062280       0x24 c:/djgpp/lib/libc.a(dmg.o)
                0x00062280                ___dosmemget
 *fill*         0x000622a4        0xc 00
 .text          0x000622b0       0x28 c:/djgpp/lib/libc.a(scsetc.o)
                0x000622b0                _ScreenSetCursor
 *fill*         0x000622d8        0x8 00
 .text          0x000622e0       0x34 c:/djgpp/lib/libc.a(scgetc.o)
                0x000622e0                _ScreenGetCursor
 *fill*         0x00062314        0xc 00
 .text          0x00062320        0x0 c:/djgpp/lib/libc.a(scattrib.o)
 .text          0x00062320       0x6c c:/djgpp/lib/libc.a(scputc.o)
                0x00062320                _ScreenPutChar
 *fill*         0x0006238c        0x4 00
 .text          0x00062390       0x14 c:/djgpp/lib/libc.a(fileno.o)
                0x00062390                _fileno
 *fill*         0x000623a4        0xc 00
 .text          0x000623b0       0x4c c:/djgpp/lib/libc.a(kbhit.o)
                0x000623b0                _kbhit
 *fill*         0x000623fc        0x4 00
 .text          0x00062400       0x1c c:/djgpp/lib/libc.a(sccols.o)
                0x00062400                _ScreenCols
 *fill*         0x0006241c        0x4 00
 .text          0x00062420       0x1c c:/djgpp/lib/libc.a(scrows.o)
                0x00062420                _ScreenRows
 *fill*         0x0006243c        0x4 00
 .text          0x00062440       0x1c c:/djgpp/lib/libc.a(scmode.o)
                0x00062440                _ScreenMode
 *fill*         0x0006245c        0x4 00
 .text          0x00062460       0x3c c:/djgpp/lib/libc.a(d0100.o)
                0x00062460                ___dpmi_allocate_dos_memory
 *fill*         0x0006249c        0x4 00
 .text          0x000624a0     0x17e4 c:/djgpp/lib/libc.a(doprnt.o)
                0x000624c8                __doprnt
 *fill*         0x00063c84        0xc 00
 .text          0x00063c90        0x8 c:/djgpp/lib/libc.a(stub0008.o)
                0x00063c90                _isatty
 *fill*         0x00063c98        0x8 00
 .text          0x00063ca0        0x8 c:/djgpp/lib/libc.a(stub0031.o)
                0x00063ca0                _sbrk
 *fill*         0x00063ca8        0x8 00
 .text          0x00063cb0       0x34 c:/djgpp/lib/libc.a(stdiohk.o)
                0x00063cd4                ___stdio_cleanup_proc
 *fill*         0x00063ce4        0xc 00
 .text          0x00063cf0       0x90 c:/djgpp/lib/libc.a(dup2.o)
                0x00063cf0                ___dup2
 .text          0x00063d80       0xc8 c:/djgpp/lib/libc.a(setmode.o)
                0x00063d80                ___setmode
 *fill*         0x00063e48        0x8 00
 .text          0x00063e50       0x40 c:/djgpp/lib/libc.a(fncase.o)
                0x00063e58                __preserve_fncase
 .text          0x00063e90      0x15c c:/djgpp/lib/libc.a(lfnshort.o)
                0x00063eac                __lfn_gen_short_fname
 *fill*         0x00063fec        0x4 00
 .text          0x00063ff0       0x30 c:/djgpp/lib/libc.a(fexistp.o)
                0x00063ff0                ___file_exists
 .text          0x00064020     0x1c54 c:/djgpp/lib/libc.a(dosexec.o)
                0x000649ac                __dos_exec
                0x00064aa8                __is_unixy_shell
                0x00064abc                __is_dos_shell
                0x000651c8                ___dosexec_command_exec
                0x00065760                ___dosexec_find_on_path
                0x00065a00                ___spawnve
 *fill*         0x00065c74        0xc 00
 .text          0x00065c80       0x28 c:/djgpp/lib/libc.a(d000b.o)
                0x00065c80                ___dpmi_get_descriptor
 *fill*         0x00065ca8        0x8 00
 .text          0x00065cb0       0x30 c:/djgpp/lib/libc.a(d0102.o)
                0x00065cb0                ___dpmi_resize_dos_memory
 .text          0x00065ce0       0x30 c:/djgpp/lib/libc.a(d0200.o)
                0x00065ce0                ___dpmi_get_real_mode_interrupt_vector
 .text          0x00065d10       0x30 c:/djgpp/lib/libc.a(d0201.o)
                0x00065d10                ___dpmi_set_real_mode_interrupt_vector
 .text          0x00065d40       0x44 c:/djgpp/lib/libc.a(d0303.o)
                0x00065d40                ___dpmi_allocate_real_mode_callback
 *fill*         0x00065d84        0xc 00
 .text          0x00065d90       0x28 c:/djgpp/lib/libc.a(d0304.o)
                0x00065d90                ___dpmi_free_real_mode_callback
 *fill*         0x00065db8        0x8 00
 .text          0x00065dc0       0x2c c:/djgpp/lib/libc.a(d0401.o)
                0x00065dc0                ___dpmi_get_capabilities
 *fill*         0x00065dec        0x4 00
 .text          0x00065df0       0x38 c:/djgpp/lib/libc.a(d0600.o)
                0x00065df0                ___dpmi_lock_linear_region
 *fill*         0x00065e28        0x8 00
 .text          0x00065e30       0x1c c:/djgpp/lib/libc.a(dpmi_lar.o)
                0x00065e30                ___dpmi_get_descriptor_access_rights
 *fill*         0x00065e4c        0x4 00
 .text          0x00065e50       0xc0 c:/djgpp/lib/libc.a(int86x.o)
                0x00065e50                _int86x
                0x00065e67                __int86
 .text          0x00065f10       0xcc c:/djgpp/lib/libc.a(mkdir.o)
                0x00065f10                ___mkdir
 *fill*         0x00065fdc        0x4 00
 .text          0x00065fe0       0xb8 c:/djgpp/lib/libc.a(filelen.o)
                0x00065fe0                ___filelength
 *fill*         0x00066098        0x8 00
 .text          0x000660a0       0x24 c:/djgpp/lib/libc.a(doserr2e.o)
                0x000660a0                ___doserr_to_errno
 *fill*         0x000660c4        0xc 00
 .text          0x000660d0      0x354 c:/djgpp/lib/libc.a(putpath.o)
                0x000660d4                __put_path
                0x00066100                __put_path2
 *fill*         0x00066424        0xc 00
 .text          0x00066430       0x28 c:/djgpp/lib/libc.a(djmd.o)
                0x00066430                ___dj_movedata
 *fill*         0x00066458        0x8 00
 .text          0x00066460       0x60 c:/djgpp/lib/libc.a(fsync.o)
                0x00066460                ___fsync
 .text          0x000664c0      0x188 c:/djgpp/lib/libc.a(tmpnam.o)
                0x0006655c                _tmpnam
 *fill*         0x00066648        0x8 00
 .text          0x00066650       0xcc c:/djgpp/lib/libc.a(strerror.o)
                0x00066660                _strerror
 *fill*         0x0006671c        0x4 00
 .text          0x00066720       0x54 c:/djgpp/lib/libc.a(stricmp.o)
                0x00066720                ___stricmp
 *fill*         0x00066774        0xc 00
 .text          0x00066780      0x100 c:/djgpp/lib/libc.a(chdir.o)
                0x00066780                ___chdir
 .text          0x00066880      0x2a0 c:/djgpp/lib/libc.a(getcwd.o)
                0x00066880                ___getcwd
 .text          0x00066b20       0x6c c:/djgpp/lib/libc.a(dup.o)
                0x00066b20                ___dup
 *fill*         0x00066b8c        0x4 00
 .text          0x00066b90       0x40 c:/djgpp/lib/libc.a(djmdr.o)
                0x00066b90                ___dj_movedata_rev
 .text          0x00066bd0        0x8 c:/djgpp/lib/libc.a(stat87.o)
                0x00066bd0                __status87
 *fill*         0x00066bd8        0x8 00
 .text          0x00066be0        0xc c:/djgpp/lib/libc.a(clear87.o)
                0x00066be0                __clear87
 *fill*         0x00066bec        0x4 00
 .text          0x00066bf0        0x8 c:/djgpp/lib/libc.a(stub0002.o)
                0x00066bf0                _close
 *fill*         0x00066bf8        0x8 00
 .text          0x00066c00       0xe4 c:/djgpp/lib/libc.a(_read.o)
                0x00066c00                __read
 *fill*         0x00066ce4        0xc 00
 .text          0x00066cf0        0x0 c:/djgpp/lib/libc.a(osflavor.o)
 .text          0x00066cf0        0x4 c:/djgpp/lib/libc.a(stdin.o)
 *fill*         0x00066cf4        0xc 00
 .text          0x00066d00        0x4 c:/djgpp/lib/libc.a(stdprn.o)
 *fill*         0x00066d04        0xc 00
 .text          0x00066d10        0x4 c:/djgpp/lib/libc.a(stdaux.o)
 *fill*         0x00066d14        0xc 00
 .text          0x00066d20       0x28 c:/djgpp/lib/libc.a(d_getdrv.o)
                0x00066d20                __dos_getdrive
 *fill*         0x00066d48        0x8 00
 .text          0x00066d50       0x24 c:/djgpp/lib/libc.a(c1pglob.o)
                0x00066d50                ___crt0_glob_function
 *fill*         0x00066d74        0xc 00
 .text          0x00066d80       0x3c c:/djgpp/lib/libc.a(strncat.o)
                0x00066d80                _strncat
 *fill*         0x00066dbc        0x4 00
 .text          0x00066dc0      0x14c c:/djgpp/lib/libc.a(_creat_n.o)
                0x00066dc0                __creatnew
 *fill*         0x00066f0c        0x4 00
 .text          0x00066f10       0x30 c:/djgpp/lib/libc.a(crlf2nl.o)
                0x00066f10                ___crlf2nl
 .text          0x00066f40       0x1c c:/djgpp/lib/libc.a(memchr.o)
                0x00066f40                _memchr
 *fill*         0x00066f5c        0x4 00
 .text          0x00066f60       0x60 c:/djgpp/lib/libc.a(ungetc.o)
                0x00066f60                _ungetc
 .text          0x00066fc0       0x10 c:/djgpp/lib/libc.a(atof.o)
                0x00066fc0                _atof
 .text          0x00066fd0       0x10 c:/djgpp/lib/libc.a(atold.o)
                0x00066fd0                __atold
 .text          0x00066fe0       0x40 c:/djgpp/lib/libc.a(fwalk.o)
                0x00066fe0                __fwalk
 .text          0x00067020       0x8c c:/djgpp/lib/libc.a(_chmod.o)
                0x00067020                __chmod
 *fill*         0x000670ac        0x4 00
 .text          0x000670b0        0xc c:/djgpp/lib/libc.a(lconv.o)
                0x000670b0                _localeconv
 *fill*         0x000670bc        0x4 00
 .text          0x000670c0       0x2c c:/djgpp/lib/libc.a(modfl.o)
                0x000670c0                ___modfl
 *fill*         0x000670ec        0x4 00
 .text          0x000670f0      0x3d4 c:/djgpp/lib/libc.a(chkv2prg.o)
                0x000670f0                __check_v2_prog
 *fill*         0x000674c4        0xc 00
 .text          0x000674d0       0x28 c:/djgpp/lib/libc.a(strrchr.o)
                0x000674d0                _strrchr
 *fill*         0x000674f8        0x8 00
 .text          0x00067500       0x50 c:/djgpp/lib/libc.a(spawnvpe.o)
                0x00067500                ___spawnvpe
 .text          0x00067550      0x134 c:/djgpp/lib/libc.a(access.o)
                0x00067558                ___access
 *fill*         0x00067684        0xc 00
 .text          0x00067690        0x0 c:/djgpp/lib/libc.a(doserrno.o)
 .text          0x00067690        0x0 c:/djgpp/lib/libc.a(syserr2.o)
 .text          0x00067690      0xbf4 c:/djgpp/lib/libc.a(glob.o)
                0x00068090                ___glob
 *fill*         0x00068284        0xc 00
 .text          0x00068290      0x210 c:/djgpp/lib/libc.a(strtod.o)
                0x000682b4                _strtod
 .text          0x000684a0      0x190 c:/djgpp/lib/libc.a(strtold.o)
                0x000684b8                __strtold
 .text          0x00068630      0x568 c:/djgpp/lib/libc.a(fixpath.o)
                0x000687dc                __fixpath
 *fill*         0x00068b98        0x8 00
 .text          0x00068ba0      0x210 c:/djgpp/lib/libc.a(findfirs.o)
                0x00068ba8                ___findfirst
 .text          0x00068db0      0x1b0 c:/djgpp/lib/libc.a(opendir.o)
                0x00068db0                __lfn_find_close
                0x00068dec                ___set_need_fake_dot_dotdot
                0x00068e74                _opendir
 .text          0x00068f60      0x2b0 c:/djgpp/lib/libc.a(is_exec.o)
                0x00068f60                __get_magic
                0x000690d8                __is_executable
 .text          0x00069210        0x0 c:/djgpp/lib/libc.a(syserr1.o)
 .text          0x00069210      0x19c c:/djgpp/lib/libc.a(findnext.o)
                0x00069210                ___findnext
 *fill*         0x000693ac        0x4 00
 .text          0x000693b0      0x2dc c:/djgpp/lib/libc.a(fnmatch.o)
                0x000694b0                ___fnmatch
 *fill*         0x0006968c        0x4 00
 .text          0x00069690        0x0 c:/djgpp/lib/libc.a(huge_val.o)
 .text          0x00069690        0x0 c:/djgpp/lib/libc.a(float_dx.o)
 .text          0x00069690        0x0 c:/djgpp/lib/libc.a(mbcurmax.o)
 .text          0x00069690       0x24 c:/djgpp/lib/libc.a(mblen.o)
                0x00069690                _mblen
 *fill*         0x000696b4        0xc 00
 .text          0x000696c0        0x0 c:/djgpp/lib/libc.a(odflags.o)
 .text          0x000696c0      0x238 c:/djgpp/lib/libc.a(xstat.o)
                0x000696c0                __file_time_stamp
                0x0006972c                __getftime
                0x00069780                __invent_inode
 *fill*         0x000698f8        0x8 00
 .text          0x00069900       0x58 c:/djgpp/lib/libc.a(strstr.o)
                0x00069900                _strstr
 *fill*         0x00069958        0x8 00
 .text          0x00069960     0x1de4 c:/djgpp/lib/libc.a(ctime.o)
                0x0006a938                ___tzset
                0x0006aa6c                _tzsetwall
                0x0006ab64                _localtime
                0x0006abd8                _gmtime
                0x0006b068                _asctime
                0x0006b0b0                _ctime
                0x0006b668                _mktime
 *(.text.*)
 *(.gnu.linkonce.t*)
 *(.const*)
 *(.ro*)
 *(.gnu.linkonce.r*)
                0x0006b744                etext = .
                0x0006b744                PROVIDE (_etext, .)
                0x0006b800                . = ALIGN (0x200)
 *fill*         0x0006b744       0xbc 00

.data           0x0006b800     0x3200
                0x0006b800                djgpp_first_ctor = .
 *(SORT(.ctors.*))
 *(.ctor)
 .ctor          0x0006b800        0x4 c:/djgpp/lib/libdbg.a(dbgcom.o)
 .ctor          0x0006b804        0x4 c:/djgpp/lib/libc.a(conio.o)
 *(.ctors)
                0x0006b808                djgpp_last_ctor = .
                0x0006b808                djgpp_first_dtor = .
 *(SORT(.dtors.*))
 *(.dtor)
 *(.dtors)
                0x0006b808                djgpp_last_dtor = .
                0x0006b808                __environ = .
                0x0006b808                PROVIDE (_environ, .)
                0x0006b808        0x4 LONG 0x0
 *(.data)
 *fill*         0x0006b80c        0x4 00
 .data          0x0006b810       0xd0 c:/djgpp/lib/crt0.o
 .data          0x0006b8e0      0xc50 obj1/omain.o
                0x0006b8e0                _sync_led
                0x0006b8e3                _link_up_led
                0x0006b8f0                _kctt
                0x0006b92c                _sp
                0x0006b934                _oplbuf
                0x0006b938                _foplbuf
                0x0006b93c                _chlbuf
                0x0006b940                _fchlbuf
                0x0006b950                _led_table
                0x0006ba90                _dep_led_table
                0x0006bbd0                _key_code
                0x0006bcd0                _key_table
                0x0006c4a0                _lsbs
                0x0006c4a2                _msbs
                0x0006c4a4                _pfna
                0x0006c4b0                _pfna_bak
                0x0006c4bc                _pfna_bak2
                0x0006c4c8                _log_file_backup_string
                0x0006c4d0                _lcd_1l_buf
                0x0006c500                _lcd_space_line
                0x0006c529                _lcd_3_space
 .data          0x0006c530        0x0 obj1/oprtn.o
 .data          0x0006c530       0x10 obj1/oprmenu.o
                0x0006c530                _attrib
 .data          0x0006c540        0x0 obj1/pdul.o
 .data          0x0006c540        0x0 obj1/db.o
 .data          0x0006c540        0x0 obj1/onet.o
 .data          0x0006c540      0x110 obj1/wf.o
                0x0006c540                _wcs
                0x0006c5d0                _mask2
                0x0006c5e0                _mask10
                0x0006c600                _mask15
                0x0006c630                _mask18
 .data          0x0006c650        0x0 obj1/params.o
 .data          0x0006c650       0x10 obj1/cpf.o
                0x0006c650                _office_code
 .data          0x0006c660       0xb0 obj1/depm.o
                0x0006c660                _xtgm7
                0x0006c668                _xtgm6
                0x0006c66f                _xtgm
                0x0006c680                _xemtgm
                0x0006c6a0                _cstm
                0x0006c6c9                _astm
                0x0006c6d1                _hlim
                0x0006c6d4                _ddm
                0x0006c6df                _pwm
                0x0006c6ee                _test_ext_mask
                0x0006c6f7                _test_dtmf_mask
                0x0006c6fc                _test_swch_mask
                0x0006c6ff                _test_port_unit_mask
 .data          0x0006c710        0x0 obj1/deprtn.o
 .data          0x0006c710      0x190 obj1/ep.o